[INFO] [1777731145.719840322] [brain_loop_node]: BrainLoopNode started. Goal: (20.5, 3.5)
[INFO] [1777731145.750263946] [brain_loop_node]: [Step 1] pos=(20.500,0.500) dist=3.000m
[INFO] [1777731150.476793742] [brain_loop_node]: [Step 2] pos=(20.500,0.960) dist=2.540m
[INFO] [1777731155.220956659] [brain_loop_node]: [Step 3] pos=(20.500,1.480) dist=2.020m
[INFO] [1777731159.791590504] [brain_loop_node]: [Step 4] pos=(20.500,2.000) dist=1.500m
[INFO] [1777731164.466832339] [brain_loop_node]: [Step 5] pos=(20.500,2.520) dist=0.980m
[INFO] [1777731169.380223154] [brain_loop_node]: [Step 6] pos=(20.500,3.050) dist=0.450m
[INFO] [1777731174.468559714] [brain_loop_node]: Goal reached! distance=0.080m
[brain_loop] Starting. Timeout=300.0s, Goal=(20.5,3.5)
  reasoning: The goal is in the positive Y direction, so moving forward will bring me closer to the Experiment_Rack.
  action: forward
  reasoning: The goal is in the positive Y direction, so moving forward will bring me closer to the Experiment_Rack.
  action: forward
  reasoning: The goal is in the positive Y direction, so moving forward will bring me closer to the target.
  action: forward
  reasoning: The goal is in the positive Y direction, and 'forward' increases the Y coordinate.
  action: forward
  reasoning: The goal is in the positive Y direction, and since I am already close, moving forward will help me reach it.
  action: forward
  reasoning: The goal is in the positive Y direction, and since I am already moving towards it, I should continue with 'forward' action.
  action: forward
[brain_loop] Finished after 6 steps.
[brain_loop] Log saved: /home/hagura/spd-runs/demo_humanoid_a_to_b/2026-05-02_23-12-10/brain_log.jsonl
